21:26:57 [types] Generated 83ms
21:26:57 [build] output: "static"
21:26:57 [build] directory: C:\Users\lenovo\OneDrive\Desktop\complyTech\dist\
21:26:57 [build] Collecting build info...
21:26:57 [build] Ô£ô Completed in 97ms.
21:26:57 [build] Building static entrypoints...
node.exe : 21:26:58 [ERROR] [vite] [31mx[39m 
Build failed in 970ms
At line:1 char:1
+ & "C:\Program Files\nodejs/node.exe" "C:\Program 
Files\nodejs/node_mo ...
+ ~~~~~~~~~~~~~~~~~~~~~~~~~~~~~~~~~~~~~~~~~~~~~~~~~~
~~~~~~~~~~~~~~~~~~~
    + CategoryInfo          : NotSpecified: (21:26: 
   58 [ERROR...failed in 970ms:String) [], RemoteE  
  xception
    + FullyQualifiedErrorId : NativeCommandError
 
Expected "}" but found "s"
  Hint:
    Browser APIs are not available on the server.
    
    Move your code to a <script> tag outside of the 
frontmatter, so the code runs on the client.
    
    See https://docs.astro.build/en/guides/troublesh
ooting/#document-or-window-is-not-defined for more 
information.
    		
  Location:
    C:/Users/lenovo/OneDrive/Desktop/complyTech/src/
pages/received-ada-demand-letter.astro:54:366
  Stack trace:
    at failureErrorWithLog (C:\Users\lenovo\OneDrive
\Desktop\complyTech\node_modules\esbuild\lib\main.js
:1472:15)
    at responseCallbacks.<computed> (C:\Users\lenovo
\OneDrive\Desktop\complyTech\node_modules\esbuild\li
b\main.js:622:9)
    at Socket.readFromStdout (C:\Users\lenovo\OneDri
ve\Desktop\complyTech\node_modules\esbuild\lib\main.
js:600:7)
    at addChunk 
(node:internal/streams/readable:559:12)
    at Readable.push 
(node:internal/streams/readable:390:5)
